Cross-reference List
==================================================
The following tables list the identifiers found in
source.yapl and the lines on which they occur.

==================================================
VAR1
--------------------------------------------------
  170      32     135       3       7     167   
    8     167      12     176     110     132   
  129      16     150     174      95     151   
   23     172     161      28     101      30   
  164

==================================================
VAR2
--------------------------------------------------
  162       7       8      12     135     150   
  150      23     152      28      31      32   
  152     172     142     136     164     105   
  101       3      96

==================================================
VAR3
--------------------------------------------------
   81     170      18      84      84     174   
   85      88      89      89      18      90   
   78     143      97     176      75      16   
   72     101       3      19     163      68   
  105     105     150     167      14

==================================================
VAR4
--------------------------------------------------
  153      81      84      89      75      98   
   72     101      69     105     109     110   
  110      78      23     152      18      15   
    3

==================================================
VAR5
--------------------------------------------------
  101     124     144     123     123     122   
  119     118     118     117     114     152   
  111     110     106     105     102      63   
   62      62      61      58      57      57   
   54      51      48      45      42       3

